---
source: tui/src/chatwidget/tests/popups_and_settings.rs
expression: popup
---
  Select Reasoning Level for k3

  1. Low                       Faster, lighter reasoning
› 2. High (default) ← current  Deeper reasoning
                               ⚠ High reasoning effort can quickly consume
                               Plus plan rate limits.
  3. max                       Maximum reasoning effort

  ↑↓ to navigate · enter to select · esc to cancel
