---
source: tui/src/bottom_pane/chat_composer.rs
expression: terminal.backend()
---
"                                                  "
"› Test                                            "
"                                                  "
"                                                  "
"                                                  "
"                                                  "
"                                                  "
"                                                  "
"  tab to queue · 【 Plan 】     98% context left  " Hidden by multi-width symbols: [(18, " "), (26, " ")]
