---
source: tui/src/bottom_pane/chat_composer.rs
expression: terminal.backend()
---
"                                        "
"› Test                                  "
"                                        "
"                                        "
"                                        "
"                                        "
"                                        "
"                                        "
"  tab to queue message · Plan mode      "
"              context: 96.8% (968K/1M)  "
