---
source: tui/src/bottom_pane/chat_composer.rs
expression: terminal.backend()
---
"                                                  "
"› Test                                            "
"                                                  "
"                                                  "
"                                                  "
"                                                  "
"                                                  "
"                                                  "
"  tab to queue · Plan mode       3% context left  "
"                        context: 96.8% (968K/1M)  "
