---
source: tui/src/bottom_pane/chat_composer.rs
expression: terminal.backend()
---
"                          "
"› Ask Ody to do anything  "
"                          "
"                          "
"                          "
"                          "
"                          "
"                          "
"  Plan mode               "
"  context: 98.8% (988K/1M)"
