---
source: tui/src/bottom_pane/pinned_todo.rs
assertion_line: 305
expression: terminal.backend()
---
"                                        "
"                                        "
"                                        "
"                                        "
"                                        "
