---
source: tui/src/status/tests.rs
expression: sanitized
---
/status

╭─────────────────────────────────────────────────────╮
│  >_ odysseythink ody (v0.0.0)                       │
│  Model:            kimi-for-coding (reasoning none) │
│  Model provider:   Kimi                             │
│  Directory: [[workspace]]                           │
│  Permissions:      Workspace (Approve for me)       │
│  Agents.md:        <none>                           │
│                                                     │
│  Token usage:      0 total  (0 input + 0 output)    │
│  Context window:   100% left (0 used / 272K)        │
╰─────────────────────────────────────────────────────╯
