---
source: tui/src/status/tests.rs
expression: sanitized
---
/status

╭────────────────────────────────────────────────────────╮
│  >_ odysseythink ody (v0.0.0)                          │
│  Model:            kimi-for-coding (reasoning high)    │
│  Model provider:   Kimi                                │
│  Directory: [[workspace]]                              │
│  Permissions:      Workspace (Ask for approval)        │
│  Agents.md:        <none>                              │
│                                                        │
│  Token usage:      1.9K total  (1K input + 900 output) │
│  Context window:   100% left (2.25K used / 272K)       │
╰────────────────────────────────────────────────────────╯
