---
source: tui/src/model_migration.rs
expression: terminal.backend()
---

> Ody just got an upgrade. Introducing k3-ody.

  Upgrade to k3-ody for the latest and greatest agentic
  coding model.

  You can continue using glm-4.5 if you prefer.

  Choose how you'd like Ody to proceed.

› 1. Try new model
  2. Use existing model

  Use ↑/↓ to move, press enter to confirm
