---
source: tui/src/model_migration.rs
expression: terminal.backend()
---

> Ody just got an upgrade. Introducing glm-4.5.

  We recommend switching from glm-4.5 to glm-4.5.

  Optimized for ody. Cheaper, faster, but less capable.
  Learn more about glm-4.5 at
  https://www.ody.com/models/glm-4.5

  Press enter to continue
