---
source: tui/src/model_migration.rs
expression: terminal.backend()
---

> Ody just got an upgrade. Introducing k3-ody.

  We recommend switching from k3-ody to k3-ody.

  Ody-optimized flagship for deep and fast reasoning. Learn
  more about k3-ody at https://www.ody.com/models/k3-ody

  Press enter to continue
