---
source: tui/src/app/tests.rs
expression: rendered
---
╭──────────────────────────────────────────────────────────────────────────────╮
│                         ██                   ██                              │
│                         ████      ███      ████                              │
│                          ████     ███     ████                               │
│                           █████          ████                                │
│                              █████    █████                                  │
│                                 ████████                                     │
│                                   ████                                       │
│                                   ████                                       │
│                                   ████                                       │
│                                   ████                                       │
│                                                                              │
│ Welcome to ODY Code!                                                         │
│                                                                              │
│ model:     k3 xhigh   fast                                  /model to change │
│ version:   v<VERSION>                                                        │
│ directory: /tmp/project                                                      │
╰──────────────────────────────────────────────────────────────────────────────╯
